  Identification des projets ├á restaurer...
  Tous les projets sont ├á jour pour la restauration.
C:\Users\Aissa\Downloads\fixed_income\src\Risk\VaR\PcaEngine.cs(28,43): error CS1061: 'Vector<Complex>' ne contient pas de d├®finition pour 'EnumerateReal' et aucune m├®thode d'extension accessible 'EnumerateReal' acceptant un premier argument de type 'Vector<Complex>' n'a ├®t├® trouv├®e (une directive using ou une r├®f├®rence d'assembly est-elle manquante┬á?) [C:\Users\Aissa\Downloads\fixed_income\src\FixedIncomePricingLibrary.csproj]

├ëCHEC de la build.

C:\Users\Aissa\Downloads\fixed_income\src\Risk\VaR\PcaEngine.cs(28,43): error CS1061: 'Vector<Complex>' ne contient pas de d├®finition pour 'EnumerateReal' et aucune m├®thode d'extension accessible 'EnumerateReal' acceptant un premier argument de type 'Vector<Complex>' n'a ├®t├® trouv├®e (une directive using ou une r├®f├®rence d'assembly est-elle manquante┬á?) [C:\Users\Aissa\Downloads\fixed_income\src\FixedIncomePricingLibrary.csproj]
    0 Avertissement(s)
    1 Erreur(s)

Temps ├®coul├® 00:00:00.70
