  Identification des projets ├á restaurer...
  Tous les projets sont ├á jour pour la restauration.
  FixedIncomePricingLibrary -> C:\Users\Aissa\Downloads\fixed_income\src\bin\Debug\net9.0\FixedIncomePricingLibrary.dll
  IntegrationTests -> C:\Users\Aissa\Downloads\fixed_income\tests\IntegrationTests\bin\Debug\net9.0\IntegrationTests.dll
  UnitTests -> C:\Users\Aissa\Downloads\fixed_income\tests\UnitTests\bin\Debug\net9.0\UnitTests.dll
S├®rie de tests pour C:\Users\Aissa\Downloads\fixed_income\tests\IntegrationTests\bin\Debug\net9.0\IntegrationTests.dll (.NETCoreApp,Version=v9.0)
S├®rie de tests pour C:\Users\Aissa\Downloads\fixed_income\tests\UnitTests\bin\Debug\net9.0\UnitTests.dll (.NETCoreApp,Version=v9.0)
Version de VSTest 17.14.1 (x64)
Version de VSTest 17.14.1 (x64)


D├®marrage de l'ex├®cution de tests, patientez...
D├®marrage de l'ex├®cution de tests, patientez...
Au total, 1 fichiers de test ont correspondu au mod├¿le sp├®cifi├®.
Au total, 1 fichiers de test ont correspondu au mod├¿le sp├®cifi├®.
[xUnit.net 00:00:00.00] xUnit.net VSTest Adapter v2.8.2+699d445a1a (64-bit .NET 9.0.13)
[xUnit.net 00:00:00.00] xUnit.net VSTest Adapter v2.8.2+699d445a1a (64-bit .NET 9.0.13)
[xUnit.net 00:00:00.03]   Discovering: IntegrationTests
[xUnit.net 00:00:00.03]   Discovering: UnitTests
[xUnit.net 00:00:00.06]   Discovered:  IntegrationTests
[xUnit.net 00:00:00.06]   Starting:    IntegrationTests
[xUnit.net 00:00:00.07]   Discovered:  UnitTests
[xUnit.net 00:00:00.07]   Finished:    IntegrationTests
[xUnit.net 00:00:00.07]   Starting:    UnitTests
Aucun test ne correspond au filtre testcase donn├® `YieldCurveTests` dans C:\Users\Aissa\Downloads\fixed_income\tests\IntegrationTests\bin\Debug\net9.0\IntegrationTests.dll

[xUnit.net 00:00:00.10]   Finished:    UnitTests
  R├®ussi FixedIncomePricingLibrary.UnitTests.MarketData.YieldCurveTests.FlatCurve_ReturnsExpectedDiscountFactors [3 ms]
  R├®ussi FixedIncomePricingLibrary.UnitTests.MarketData.YieldCurveTests.Bootstrap_SimpleDeposit_IsCorrect [3 ms]

S├®rie de tests r├®ussie.
Nombre total de tests┬á: 2
     R├®ussi(s)┬á: 2
 Dur├®e totale┬á: 0,3914 Secondes
